Archive member included to satisfy reference by file (symbol)

/opt/riscv/lib/gcc/riscv32-unknown-elf/13.2.0/libgcc.a(muldi3.o)
                              /tmp/cc8hgfzF.o (__mulsi3)

There are no discarded input sections

Memory Configuration

Name             Origin             Length             Attributes
INSTRAM          0x00000000         0x00020000         xrw
DATARAM_L        0x00200000         0x01000000         xrw
DATARAM_H        0x20000000         0x00080000         xrw
*default*        0x00000000         0xffffffff

Linker script and memory map

                [!provide]                        PROVIDE (_isramstart = ORIGIN (INSTRAM))
                [!provide]                        PROVIDE (_dsramstart = ORIGIN (DATARAM_L))
                0x01200000                        PROVIDE (_estack = (ORIGIN (DATARAM_L) + LENGTH (DATARAM_L)))

.text           0x00000000     0x19f0
                [!provide]                        PROVIDE (_start = .)
                0x00000000                        . = ALIGN (0x4)
                0x00000000                        _stext = .
 *(.text)
 .text          0x00000000       0x38 /tmp/ccEMc4u1.o
                0x00000000                _start
 .text          0x00000038     0x18bc /tmp/cc8hgfzF.o
                0x00001694                main
 .text          0x000018f4       0xd8 /tmp/ccsVX4Eu.o
                0x000018f4                arena_reset
                0x00001918                arena_alloc
 .text          0x000019cc        0x0 /tmp/ccs6TMLj.o
 .text          0x000019cc        0x0 /tmp/ccUFXzX8.o
 .text          0x000019cc        0x0 /tmp/ccA8R2J6.o
 .text          0x000019cc       0x24 /opt/riscv/lib/gcc/riscv32-unknown-elf/13.2.0/libgcc.a(muldi3.o)
                0x000019cc                __mulsi3
 *(.text*)
 *(.rodata)
 *(.rodata*)
 *(.srodata)
 *(.srodata*)
                0x000019f0                        . = ALIGN (0x4)
                0x000019f0                        _etext = .

.data           0x00200000        0x0
                0x00200000                        . = ALIGN (0x4)
                0x00200000                        _sdata = .
                0x00200800                        PROVIDE (__global_pointer$ = (. + 0x800))
 *(.data)
 .data          0x00200000        0x0 /tmp/ccEMc4u1.o
 .data          0x00200000        0x0 /tmp/cc8hgfzF.o
 .data          0x00200000        0x0 /tmp/ccsVX4Eu.o
 .data          0x00200000        0x0 /tmp/ccs6TMLj.o
 .data          0x00200000        0x0 /tmp/ccUFXzX8.o
 .data          0x00200000        0x0 /tmp/ccA8R2J6.o
 .data          0x00200000        0x0 /opt/riscv/lib/gcc/riscv32-unknown-elf/13.2.0/libgcc.a(muldi3.o)
 *(.data*)
 *(.sdata)
 *(.sdata*)
                0x00200000                        . = ALIGN (0x4)
                0x00200000                        _edata = .

.weights        0x00200000   0xbaa888
                0x00200000                        . = ALIGN (0x4)
                0x00200000                        _sweights = .
 *(.weights)
 .weights       0x00200000   0xbaa888 /tmp/ccA8R2J6.o
                0x00200000                model_q_bits
                0x00200004                enc_layer_in_dims
                0x0020000c                dec_layer_in_dims
                0x00200014                enc_emb_q
                0x005d8814                dec_emb_q
                0x008b9a14                enc_w_ih_offsets
                0x008b9a20                enc_w_hh_offsets
                0x008b9a2c                enc_b_offsets
                0x008b9a38                dec_w_ih_offsets
                0x008b9a44                dec_w_hh_offsets
                0x008b9a50                dec_b_offsets
                0x008b9a5c                enc_w_ih_q
                0x00939a5c                enc_w_hh_q
                0x009b9a5c                enc_b_q
                0x009baa5c                dec_w_ih_q
                0x00a3aa5c                dec_w_hh_q
                0x00abaa5c                dec_b_q
                0x00abba5c                out_w_q
                0x00d9cc5c                out_b_q
                0x00da2880                sigmoid_lut_q
                0x00da6884                tanh_lut_q
                0x00daa888                        . = ALIGN (0x4)
                0x00daa888                        _eweights = .

.label          0x00daa888        0x0
                0x00daa888                        . = ALIGN (0x4)
                0x00daa888                        _slabel = .
 *(.label)
                0x00daa888                        . = ALIGN (0x4)
                0x00daa888                        _elabel = .

.arena          0x00daa888        0x0
                0x00daa888                        . = ALIGN (0x4)
 *(.arena)

.bss            0x00daa888    0x4002c
                0x00daa888                        . = ALIGN (0x4)
                0x00daa888                        _sbss = .
 *(.bss)
 .bss           0x00daa888        0x0 /tmp/ccEMc4u1.o
 .bss           0x00daa888       0x28 /tmp/cc8hgfzF.o
 .bss           0x00daa8b0    0x40000 /tmp/ccsVX4Eu.o
                0x00daa8b0                g_arena_buf
 .bss           0x00dea8b0        0x0 /tmp/ccs6TMLj.o
 .bss           0x00dea8b0        0x0 /tmp/ccUFXzX8.o
 .bss           0x00dea8b0        0x0 /tmp/ccA8R2J6.o
 .bss           0x00dea8b0        0x0 /opt/riscv/lib/gcc/riscv32-unknown-elf/13.2.0/libgcc.a(muldi3.o)
 *(.bss*)
 *(.sbss)
 .sbss          0x00dea8b0        0x4 /tmp/ccsVX4Eu.o
                0x00dea8b0                g_arena_off
 *(.sbss*)
 *(COMMON)
                0x00dea8b4                        . = ALIGN (0x4)
                0x00dea8b4                        _ebss = .

.heap           0x00dea8b4        0x0
                0x00dea8b4                        . = ALIGN (0x4)
                0x00dea8b4                        _heap_start = .

.input          0x20000000    0x1ff84
                0x20000000                        . = ALIGN (0x4)
                0x20000000                        _sinput = .
 *(.input)
 .input         0x20000000    0x1ff84 /tmp/ccUFXzX8.o
                0x20000000                input_src_offsets
                0x20000fdc                input_src_data
                0x2000fcb0                input_ref_offsets
                0x20010c8c                input_ref_data
                0x2001ff84                        . = ALIGN (0x4)
                0x2001ff84                        _einput = .
                [!provide]                        PROVIDE (_input_base = ADDR (.input))

.rela.dyn       0x2001ff84        0x0
 .rela.text     0x2001ff84        0x0 /tmp/ccEMc4u1.o

.result         0x2001ff84    0x50364
                0x2001ff84                        . = ALIGN (0x4)
                0x2001ff84                        _sresult = .
 *(.result)
 .result        0x2001ff84    0x50364 /tmp/ccs6TMLj.o
                0x2001ff84                result_status
                0x2001ff88                result_sentence_count
                0x2001ff8c                result_used_u32
                0x2001ff90                result_data
                0x200702e8                        . = ALIGN (0x4)
                0x200702e8                        _eresult = .
                [!provide]                        PROVIDE (_result_base = ADDR (.result))
LOAD /tmp/ccEMc4u1.o
LOAD /tmp/cc8hgfzF.o
LOAD /tmp/ccsVX4Eu.o
LOAD /tmp/ccs6TMLj.o
LOAD /tmp/ccUFXzX8.o
LOAD /tmp/ccA8R2J6.o
LOAD /opt/riscv/lib/gcc/riscv32-unknown-elf/13.2.0/libgcc.a
START GROUP
LOAD /opt/riscv/lib/gcc/riscv32-unknown-elf/13.2.0/../../../../riscv32-unknown-elf/lib/libc.a
LOAD /opt/riscv/lib/gcc/riscv32-unknown-elf/13.2.0/../../../../riscv32-unknown-elf/lib/libgloss.a
END GROUP
LOAD /opt/riscv/lib/gcc/riscv32-unknown-elf/13.2.0/libgcc.a
OUTPUT(./out/eval_int_riscv.elf elf32-littleriscv)

.riscv.attributes
                0x00000000       0x93
 .riscv.attributes
                0x00000000       0x23 /tmp/ccEMc4u1.o
 .riscv.attributes
                0x00000023       0x25 /tmp/cc8hgfzF.o
 .riscv.attributes
                0x00000048       0x25 /tmp/ccsVX4Eu.o
 .riscv.attributes
                0x0000006d       0x25 /tmp/ccs6TMLj.o
 .riscv.attributes
                0x00000092       0x25 /tmp/ccUFXzX8.o
 .riscv.attributes
                0x000000b7       0x25 /tmp/ccA8R2J6.o
 .riscv.attributes
                0x000000dc       0x91 /opt/riscv/lib/gcc/riscv32-unknown-elf/13.2.0/libgcc.a(muldi3.o)

.comment        0x00000000       0x10
 .comment       0x00000000       0x10 /tmp/cc8hgfzF.o
                                 0x11 (size before relaxing)
 .comment       0x00000010       0x11 /tmp/ccsVX4Eu.o
 .comment       0x00000010       0x11 /tmp/ccs6TMLj.o
 .comment       0x00000010       0x11 /tmp/ccUFXzX8.o
 .comment       0x00000010       0x11 /tmp/ccA8R2J6.o

.debug_line     0x00000000       0x7a
 .debug_line    0x00000000       0x7a /opt/riscv/lib/gcc/riscv32-unknown-elf/13.2.0/libgcc.a(muldi3.o)

.debug_line_str
                0x00000000       0x79
 .debug_line_str
                0x00000000       0x79 /opt/riscv/lib/gcc/riscv32-unknown-elf/13.2.0/libgcc.a(muldi3.o)

.debug_info     0x00000000       0x31
 .debug_info    0x00000000       0x31 /opt/riscv/lib/gcc/riscv32-unknown-elf/13.2.0/libgcc.a(muldi3.o)

.debug_abbrev   0x00000000       0x28
 .debug_abbrev  0x00000000       0x28 /opt/riscv/lib/gcc/riscv32-unknown-elf/13.2.0/libgcc.a(muldi3.o)

.debug_aranges  0x00000000       0x20
 .debug_aranges
                0x00000000       0x20 /opt/riscv/lib/gcc/riscv32-unknown-elf/13.2.0/libgcc.a(muldi3.o)

.debug_str      0x00000000       0x8e
 .debug_str     0x00000000       0x8e /opt/riscv/lib/gcc/riscv32-unknown-elf/13.2.0/libgcc.a(muldi3.o)
