
There are no discarded input sections

Memory Configuration

Name             Origin             Length             Attributes
INSTRAM          0x00000000         0x00020000         xrw
DATARAM_L        0x00200000         0x01000000         xrw
DATARAM_H        0x20000000         0x00080000         xrw
*default*        0x00000000         0xffffffff

Linker script and memory map

                [!provide]                        PROVIDE (_isramstart = ORIGIN (INSTRAM))
                [!provide]                        PROVIDE (_dsramstart = ORIGIN (DATARAM_L))
                0x01200000                        PROVIDE (_estack = (ORIGIN (DATARAM_L) + LENGTH (DATARAM_L)))

.text           0x00000000     0x19cc
                [!provide]                        PROVIDE (_start = .)
                0x00000000                        . = ALIGN (0x4)
                0x00000000                        _stext = .
 *(.text)
 .text          0x00000000       0x38 /tmp/ccWQHkST.o
                0x00000000                _start
 .text          0x00000038     0x18bc /tmp/cciHFYEL.o
                0x00001694                main
 .text          0x000018f4       0xd8 /tmp/ccjb7YBc.o
                0x000018f4                arena_reset
                0x00001918                arena_alloc
 .text          0x000019cc        0x0 /tmp/ccagWSzD.o
 .text          0x000019cc        0x0 /tmp/ccF7nSC4.o
 .text          0x000019cc        0x0 /tmp/ccWzKXlE.o
 *(.text*)
 *(.rodata)
 *(.rodata*)
 *(.srodata)
 *(.srodata*)
                0x000019cc                        . = ALIGN (0x4)
                0x000019cc                        _etext = .

.data           0x00200000        0x0
                0x00200000                        . = ALIGN (0x4)
                0x00200000                        _sdata = .
                0x00200800                        PROVIDE (__global_pointer$ = (. + 0x800))
 *(.data)
 .data          0x00200000        0x0 /tmp/ccWQHkST.o
 .data          0x00200000        0x0 /tmp/cciHFYEL.o
 .data          0x00200000        0x0 /tmp/ccjb7YBc.o
 .data          0x00200000        0x0 /tmp/ccagWSzD.o
 .data          0x00200000        0x0 /tmp/ccF7nSC4.o
 .data          0x00200000        0x0 /tmp/ccWzKXlE.o
 *(.data*)
 *(.sdata)
 *(.sdata*)
                0x00200000                        . = ALIGN (0x4)
                0x00200000                        _edata = .

.weights        0x00200000   0xbaa888
                0x00200000                        . = ALIGN (0x4)
                0x00200000                        _sweights = .
 *(.weights)
 .weights       0x00200000   0xbaa888 /tmp/ccWzKXlE.o
                0x00200000                model_q_bits
                0x00200004                enc_layer_in_dims
                0x0020000c                dec_layer_in_dims
                0x00200014                enc_emb_q
                0x005d8814                dec_emb_q
                0x008b9a14                enc_w_ih_offsets
                0x008b9a20                enc_w_hh_offsets
                0x008b9a2c                enc_b_offsets
                0x008b9a38                dec_w_ih_offsets
                0x008b9a44                dec_w_hh_offsets
                0x008b9a50                dec_b_offsets
                0x008b9a5c                enc_w_ih_q
                0x00939a5c                enc_w_hh_q
                0x009b9a5c                enc_b_q
                0x009baa5c                dec_w_ih_q
                0x00a3aa5c                dec_w_hh_q
                0x00abaa5c                dec_b_q
                0x00abba5c                out_w_q
                0x00d9cc5c                out_b_q
                0x00da2880                sigmoid_lut_q
                0x00da6884                tanh_lut_q
                0x00daa888                        . = ALIGN (0x4)
                0x00daa888                        _eweights = .

.label          0x00daa888        0x0
                0x00daa888                        . = ALIGN (0x4)
                0x00daa888                        _slabel = .
 *(.label)
                0x00daa888                        . = ALIGN (0x4)
                0x00daa888                        _elabel = .

.arena          0x00daa888        0x0
                0x00daa888                        . = ALIGN (0x4)
 *(.arena)

.bss            0x00daa888    0x4082c
                0x00daa888                        . = ALIGN (0x4)
                0x00daa888                        _sbss = .
 *(.bss)
 .bss           0x00daa888        0x0 /tmp/ccWQHkST.o
 .bss           0x00daa888      0x828 /tmp/cciHFYEL.o
 .bss           0x00dab0b0    0x40000 /tmp/ccjb7YBc.o
                0x00dab0b0                g_arena_buf
 .bss           0x00deb0b0        0x0 /tmp/ccagWSzD.o
 .bss           0x00deb0b0        0x0 /tmp/ccF7nSC4.o
 .bss           0x00deb0b0        0x0 /tmp/ccWzKXlE.o
 *(.bss*)
 *(.sbss)
 .sbss          0x00deb0b0        0x4 /tmp/ccjb7YBc.o
                0x00deb0b0                g_arena_off
 *(.sbss*)
 *(COMMON)
                0x00deb0b4                        . = ALIGN (0x4)
                0x00deb0b4                        _ebss = .

.heap           0x00deb0b4        0x0
                0x00deb0b4                        . = ALIGN (0x4)
                0x00deb0b4                        _heap_start = .

.input          0x20000000    0x1ff84
                0x20000000                        . = ALIGN (0x4)
                0x20000000                        _sinput = .
 *(.input)
 .input         0x20000000    0x1ff84 /tmp/ccF7nSC4.o
                0x20000000                input_src_offsets
                0x20000fdc                input_src_data
                0x2000fcb0                input_ref_offsets
                0x20010c8c                input_ref_data
                0x2001ff84                        . = ALIGN (0x4)
                0x2001ff84                        _einput = .
                [!provide]                        PROVIDE (_input_base = ADDR (.input))

.rela.dyn       0x2001ff84        0x0
 .rela.text     0x2001ff84        0x0 /tmp/ccWQHkST.o

.result         0x2001ff84    0x50364
                0x2001ff84                        . = ALIGN (0x4)
                0x2001ff84                        _sresult = .
 *(.result)
 .result        0x2001ff84    0x50364 /tmp/ccagWSzD.o
                0x2001ff84                result_status
                0x2001ff88                result_sentence_count
                0x2001ff8c                result_used_u32
                0x2001ff90                result_data
                0x200702e8                        . = ALIGN (0x4)
                0x200702e8                        _eresult = .
                [!provide]                        PROVIDE (_result_base = ADDR (.result))
LOAD /tmp/ccWQHkST.o
LOAD /tmp/cciHFYEL.o
LOAD /tmp/ccjb7YBc.o
LOAD /tmp/ccagWSzD.o
LOAD /tmp/ccF7nSC4.o
LOAD /tmp/ccWzKXlE.o
LOAD /opt/riscv/lib/gcc/riscv32-unknown-elf/13.2.0/libgcc.a
START GROUP
LOAD /opt/riscv/lib/gcc/riscv32-unknown-elf/13.2.0/../../../../riscv32-unknown-elf/lib/libc.a
LOAD /opt/riscv/lib/gcc/riscv32-unknown-elf/13.2.0/../../../../riscv32-unknown-elf/lib/libgloss.a
END GROUP
LOAD /opt/riscv/lib/gcc/riscv32-unknown-elf/13.2.0/libgcc.a
OUTPUT(./out/eval_int_riscv.elf elf32-littleriscv)

.riscv.attributes
                0x00000000       0x33
 .riscv.attributes
                0x00000000       0x31 /tmp/ccWQHkST.o
 .riscv.attributes
                0x00000031       0x33 /tmp/cciHFYEL.o
 .riscv.attributes
                0x00000064       0x33 /tmp/ccjb7YBc.o
 .riscv.attributes
                0x00000097       0x33 /tmp/ccagWSzD.o
 .riscv.attributes
                0x000000ca       0x33 /tmp/ccF7nSC4.o
 .riscv.attributes
                0x000000fd       0x33 /tmp/ccWzKXlE.o

.comment        0x00000000       0x10
 .comment       0x00000000       0x10 /tmp/cciHFYEL.o
                                 0x11 (size before relaxing)
 .comment       0x00000010       0x11 /tmp/ccjb7YBc.o
 .comment       0x00000010       0x11 /tmp/ccagWSzD.o
 .comment       0x00000010       0x11 /tmp/ccF7nSC4.o
 .comment       0x00000010       0x11 /tmp/ccWzKXlE.o
