
There are no discarded input sections

Memory Configuration

Name             Origin             Length             Attributes
INSTRAM          0x00000000         0x00020000         xrw
DATARAM_L        0x00200000         0x04000000         xrw
DATARAM_H        0x20000000         0x00080000         xrw
*default*        0x00000000         0xffffffff

Linker script and memory map

                [!provide]                        PROVIDE (_isramstart = ORIGIN (INSTRAM))
                [!provide]                        PROVIDE (_dsramstart = ORIGIN (DATARAM_L))
                0x04200000                        PROVIDE (_estack = (ORIGIN (DATARAM_L) + LENGTH (DATARAM_L)))

.text           0x00000000     0x2da8
                [!provide]                        PROVIDE (_start = .)
                0x00000000                        . = ALIGN (0x4)
                0x00000000                        _stext = .
 *(.text)
 .text          0x00000000       0x38 /tmp/ccdOzYV1.o
                0x00000000                _start
 .text          0x00000038     0x2c98 /tmp/ccZ8bGTY.o
                0x00002ab8                main
 .text          0x00002cd0       0xd8 /tmp/cc1vfqss.o
                0x00002cd0                arena_reset
                0x00002cf4                arena_alloc
 .text          0x00002da8        0x0 /tmp/ccHLy41V.o
 .text          0x00002da8        0x0 /tmp/cc5r6YGp.o
 .text          0x00002da8        0x0 /tmp/ccDLpzqd.o
 *(.text*)
                0x00002da8                        . = ALIGN (0x4)
                0x00002da8                        _etext = .

.data           0x00200000        0x0
                0x00200000                        . = ALIGN (0x4)
                0x00200000                        _sdata = .
                0x00200800                        PROVIDE (__global_pointer$ = (. + 0x800))
 *(.data)
 .data          0x00200000        0x0 /tmp/ccdOzYV1.o
 .data          0x00200000        0x0 /tmp/ccZ8bGTY.o
 .data          0x00200000        0x0 /tmp/cc1vfqss.o
 .data          0x00200000        0x0 /tmp/ccHLy41V.o
 .data          0x00200000        0x0 /tmp/cc5r6YGp.o
 .data          0x00200000        0x0 /tmp/ccDLpzqd.o
 *(.data*)
 *(.sdata)
 *(.sdata*)
                0x00200000                        . = ALIGN (0x4)
                0x00200000                        _edata = .

.rodata         0x00200000  0x15b4b98
                0x00200000                        . = ALIGN (0x4)
 *(.rodata)
 .rodata        0x00200000  0x15b4b98 /tmp/ccDLpzqd.o
                0x00200000                enc_emb_q
                0x00b24c00                dec_emb_q
                0x01021800                pos_enc_q
                0x01026800                out_w_q
                0x01523400                out_b_q
                0x0152d398                enc_attn_Wq_q
                0x0154d398                enc_attn_Wk_q
                0x0156d398                enc_attn_Wv_q
                0x0158d398                enc_attn_Wo_q
                0x015ad398                enc_attn_bq_q
                0x015ad798                enc_attn_bk_q
                0x015adb98                enc_attn_bv_q
                0x015adf98                enc_attn_bo_q
                0x015ae398                enc_ff1_W_q
                0x015ee398                enc_ff1_b_q
                0x015eeb98                enc_ff2_W_q
                0x0162eb98                enc_ff2_b_q
                0x0162ef98                enc_ln1_gamma_q
                0x0162f398                enc_ln1_beta_q
                0x0162f798                enc_ln2_gamma_q
                0x0162fb98                enc_ln2_beta_q
                0x0162ff98                enc_final_ln_gamma_q
                0x01630198                enc_final_ln_beta_q
                0x01630398                dec_self_Wq_q
                0x01650398                dec_self_Wk_q
                0x01670398                dec_self_Wv_q
                0x01690398                dec_self_Wo_q
                0x016b0398                dec_self_bq_q
                0x016b0798                dec_self_bk_q
                0x016b0b98                dec_self_bv_q
                0x016b0f98                dec_self_bo_q
                0x016b1398                dec_cross_Wq_q
                0x016d1398                dec_cross_Wk_q
                0x016f1398                dec_cross_Wv_q
                0x01711398                dec_cross_Wo_q
                0x01731398                dec_cross_bq_q
                0x01731798                dec_cross_bk_q
                0x01731b98                dec_cross_bv_q
                0x01731f98                dec_cross_bo_q
                0x01732398                dec_ff1_W_q
                0x01772398                dec_ff1_b_q
                0x01772b98                dec_ff2_W_q
                0x017b2b98                dec_ff2_b_q
                0x017b2f98                dec_ln1_gamma_q
                0x017b3398                dec_ln1_beta_q
                0x017b3798                dec_ln2_gamma_q
                0x017b3b98                dec_ln2_beta_q
                0x017b3f98                dec_ln3_gamma_q
                0x017b4398                dec_ln3_beta_q
                0x017b4798                dec_final_ln_gamma_q
                0x017b4998                dec_final_ln_beta_q
 *(.rodata*)
 *(.srodata)
 *(.srodata*)
                0x017b4b98                        . = ALIGN (0x4)

.weights        0x017b4b98        0x0
                0x017b4b98                        . = ALIGN (0x4)
                0x017b4b98                        _sweights = .
 *(.weights)
                0x017b4b98                        . = ALIGN (0x4)
                0x017b4b98                        _eweights = .

.label          0x017b4b98        0x0
                0x017b4b98                        . = ALIGN (0x4)
                0x017b4b98                        _slabel = .
 *(.label)
                0x017b4b98                        . = ALIGN (0x4)
                0x017b4b98                        _elabel = .

.arena          0x017b4b98        0x0
                0x017b4b98                        . = ALIGN (0x4)
 *(.arena)

.bss            0x017b4b98    0x40678
                0x017b4b98                        . = ALIGN (0x4)
                0x017b4b98                        _sbss = .
 *(.bss)
 .bss           0x017b4b98        0x0 /tmp/ccdOzYV1.o
 .bss           0x017b4b98      0x674 /tmp/ccZ8bGTY.o
 .bss           0x017b520c    0x40000 /tmp/cc1vfqss.o
                0x017b520c                g_arena_buf
 .bss           0x017f520c        0x0 /tmp/ccHLy41V.o
 .bss           0x017f520c        0x0 /tmp/cc5r6YGp.o
 .bss           0x017f520c        0x0 /tmp/ccDLpzqd.o
 *(.bss*)
 *(.sbss)
 .sbss          0x017f520c        0x4 /tmp/cc1vfqss.o
                0x017f520c                g_arena_off
 *(.sbss*)
 *(COMMON)
                0x017f5210                        . = ALIGN (0x4)
                0x017f5210                        _ebss = .

.heap           0x017f5210        0x0
                0x017f5210                        . = ALIGN (0x4)
                0x017f5210                        _heap_start = .

.input          0x20000000    0x1ff84
                0x20000000                        . = ALIGN (0x4)
                0x20000000                        _sinput = .
 *(.input)
 .input         0x20000000    0x1ff84 /tmp/cc5r6YGp.o
                0x20000000                input_src_offsets
                0x20000fdc                input_src_data
                0x2000fcb0                input_ref_offsets
                0x20010c8c                input_ref_data
                0x2001ff84                        . = ALIGN (0x4)
                0x2001ff84                        _einput = .
                [!provide]                        PROVIDE (_input_base = ADDR (.input))

.rela.dyn       0x2001ff84        0x0
 .rela.text     0x2001ff84        0x0 /tmp/ccdOzYV1.o

.result         0x2001ff84    0x50364
                0x2001ff84                        . = ALIGN (0x4)
                0x2001ff84                        _sresult = .
 *(.result)
 .result        0x2001ff84    0x50364 /tmp/ccHLy41V.o
                0x2001ff84                result_status
                0x2001ff88                result_sentence_count
                0x2001ff8c                result_used_u32
                0x2001ff90                result_data
                0x200702e8                        . = ALIGN (0x4)
                0x200702e8                        _eresult = .
                [!provide]                        PROVIDE (_result_base = ADDR (.result))
LOAD /tmp/ccdOzYV1.o
LOAD /tmp/ccZ8bGTY.o
LOAD /tmp/cc1vfqss.o
LOAD /tmp/ccHLy41V.o
LOAD /tmp/cc5r6YGp.o
LOAD /tmp/ccDLpzqd.o
LOAD /opt/riscv/lib/gcc/riscv32-unknown-elf/13.2.0/libgcc.a
START GROUP
LOAD /opt/riscv/lib/gcc/riscv32-unknown-elf/13.2.0/../../../../riscv32-unknown-elf/lib/libc.a
LOAD /opt/riscv/lib/gcc/riscv32-unknown-elf/13.2.0/../../../../riscv32-unknown-elf/lib/libgloss.a
END GROUP
LOAD /opt/riscv/lib/gcc/riscv32-unknown-elf/13.2.0/libgcc.a
OUTPUT(./out/eval_int_riscv.elf elf32-littleriscv)

.riscv.attributes
                0x00000000       0x2a
 .riscv.attributes
                0x00000000       0x28 /tmp/ccdOzYV1.o
 .riscv.attributes
                0x00000028       0x2a /tmp/ccZ8bGTY.o
 .riscv.attributes
                0x00000052       0x2a /tmp/cc1vfqss.o
 .riscv.attributes
                0x0000007c       0x2a /tmp/ccHLy41V.o
 .riscv.attributes
                0x000000a6       0x2a /tmp/cc5r6YGp.o
 .riscv.attributes
                0x000000d0       0x2a /tmp/ccDLpzqd.o

.comment        0x00000000       0x10
 .comment       0x00000000       0x10 /tmp/ccZ8bGTY.o
                                 0x11 (size before relaxing)
 .comment       0x00000010       0x11 /tmp/cc1vfqss.o
 .comment       0x00000010       0x11 /tmp/ccHLy41V.o
 .comment       0x00000010       0x11 /tmp/cc5r6YGp.o
 .comment       0x00000010       0x11 /tmp/ccDLpzqd.o
